../Core/Src/filesystem.c:25:6:filesystem_init	8	static
../Core/Src/filesystem.c:37:12:get_root_dir	4	static
../Core/Src/filesystem.c:41:12:get_current_dir	4	static
../Core/Src/filesystem.c:45:6:set_current_dir	16	static
../Core/Src/filesystem.c:49:6:fs_get_cwd_path	544	static
../Core/Src/filesystem.c:68:6:fs_pwd	544	static
../Core/Src/filesystem.c:87:6:fs_ls	32	static
../Core/Src/filesystem.c:107:5:fs_mkdir	24	static
../Core/Src/filesystem.c:136:5:fs_cd	24	static
../Core/Src/filesystem.c:158:5:fs_rmdir	32	static
../Core/Src/filesystem.c:194:5:fs_touch	24	static
../Core/Src/filesystem.c:222:5:fs_cat	24	static
../Core/Src/filesystem.c:240:5:fs_rm	32	static
../Core/Src/filesystem.c:275:6:parse_command	24	static
../Core/Src/filesystem.c:280:5:fs_autocomplete	72	static
