../Core/Src/filesystem.c:10:19:fs_find_dir	288	static
../Core/Src/filesystem.c:80:6:filesystem_init	8	static
../Core/Src/filesystem.c:92:12:get_root_dir	4	static
../Core/Src/filesystem.c:96:12:get_current_dir	4	static
../Core/Src/filesystem.c:100:6:set_current_dir	16	static
../Core/Src/filesystem.c:104:6:fs_get_cwd_path	544	static
../Core/Src/filesystem.c:123:6:fs_pwd	544	static
../Core/Src/filesystem.c:142:6:fs_ls	32	static
../Core/Src/filesystem.c:162:5:fs_mkdir	24	static
../Core/Src/filesystem.c:191:5:fs_cd	24	static
../Core/Src/filesystem.c:206:5:fs_rmdir	32	static
../Core/Src/filesystem.c:242:5:fs_touch	24	static
../Core/Src/filesystem.c:270:5:fs_cat	24	static
../Core/Src/filesystem.c:288:5:fs_rm	32	static
../Core/Src/filesystem.c:323:6:parse_command	24	static
../Core/Src/filesystem.c:328:5:fs_autocomplete	336	static
