../Core/Src/main.c:102:5:main	2120	static
../Core/Src/main.c:169:6:SystemClock_Config	96	static
../Core/Src/main.c:219:13:MX_SPI1_Init	8	static
../Core/Src/main.c:259:13:MX_TIM4_Init	48	static
../Core/Src/main.c:308:13:MX_USART2_UART_Init	8	static
../Core/Src/main.c:343:13:MX_GPIO_Init	40	static
../Core/Src/main.c:384:6:LCD_Print	40	static
../Core/Src/main.c:396:6:print_prompt	8	static
../Core/Src/main.c:404:6:handle_serial_and_display	712	static
../Core/Src/main.c:583:6:Error_Handler	4	static,ignoring_inline_asm
