../Core/Src/main.c:104:5:main	4416	static
../Core/Src/main.c:177:6:SystemClock_Config	96	static
../Core/Src/main.c:227:13:MX_SPI1_Init	8	static
../Core/Src/main.c:267:13:MX_TIM4_Init	48	static
../Core/Src/main.c:316:13:MX_USART2_UART_Init	8	static
../Core/Src/main.c:351:13:MX_GPIO_Init	40	static
../Core/Src/main.c:392:6:LCD_Print_NoInc	40	static
../Core/Src/main.c:398:6:LCD_Print	32	static
../Core/Src/main.c:408:6:print_prompt	8	static
../Core/Src/main.c:416:6:unified_output	160	static
../Core/Src/main.c:449:6:handle_serial_and_display	760	static
../Core/Src/main.c:618:6:Error_Handler	4	static,ignoring_inline_asm
