../Core/Src/st7735.c:12:23:iabs16	16	static
../Core/Src/st7735.c:23:20:CS_Select	8	static
../Core/Src/st7735.c:24:20:CS_Unselect	8	static
../Core/Src/st7735.c:25:20:DC_Cmd	8	static
../Core/Src/st7735.c:26:20:DC_Data	8	static
../Core/Src/st7735.c:29:13:spi_set_datasize	16	static
../Core/Src/st7735.c:38:26:tx8	16	static
../Core/Src/st7735.c:43:13:hw_reset	8	static
../Core/Src/st7735.c:58:13:cmd_param	16	static
../Core/Src/st7735.c:71:13:set_addr_window16	40	static
../Core/Src/st7735.c:92:6:ST7735_Init	56	static
../Core/Src/st7735.c:155:6:ST7735_SetInversion	16	static
../Core/Src/st7735.c:162:6:ST7735_SetRotation	24	static
../Core/Src/st7735.c:180:6:ST7735_SetAddressWindow	24	static
../Core/Src/st7735.c:188:6:ST7735_WritePixels	16	static
../Core/Src/st7735.c:201:19:ST7735_WritePixelsDMA	16	static
../Core/Src/st7735.c:214:6:ST7735_WaitDMADone	4	static,ignoring_inline_asm
../Core/Src/st7735.c:219:6:ST7735_SPI_TxCpltCallback	16	static
../Core/Src/st7735.c:230:10:ST7735_Width	4	static
../Core/Src/st7735.c:231:10:ST7735_Height	4	static
../Core/Src/st7735.c:248:6:ST7735_DrawLine	56	static
../Core/Src/st7735.c:287:6:ST7735_FillScreen	24	static
../Core/Src/st7735.c:292:6:ST7735_FillRect	168	static
../Core/Src/st7735.c:317:6:ST7735_DrawBitmap16	32	static
