../Core/Src/stm32l4xx_it.c:75:6:redraw_input_line	2344	static
../Core/Src/stm32l4xx_it.c:96:6:NMI_Handler	4	static
../Core/Src/stm32l4xx_it.c:111:6:HardFault_Handler	4	static
../Core/Src/stm32l4xx_it.c:126:6:MemManage_Handler	4	static
../Core/Src/stm32l4xx_it.c:141:6:BusFault_Handler	4	static
../Core/Src/stm32l4xx_it.c:156:6:UsageFault_Handler	4	static
../Core/Src/stm32l4xx_it.c:171:6:SVC_Handler	4	static
../Core/Src/stm32l4xx_it.c:184:6:DebugMon_Handler	4	static
../Core/Src/stm32l4xx_it.c:197:6:PendSV_Handler	4	static
../Core/Src/stm32l4xx_it.c:210:6:SysTick_Handler	8	static
../Core/Src/stm32l4xx_it.c:231:6:USART2_IRQHandler	24	static
